
=== arts_question ===
  [arts_question] 5241 concepts to verify
    [arts_question] 104/5241 (2.0%) rate=31.1/s eta=2.7min v=2 d=0 r=0 u=102
    [arts_question] 208/5241 (4.0%) rate=32.9/s eta=2.5min v=7 d=1 r=0 u=200
    [arts_question] 312/5241 (6.0%) rate=34.8/s eta=2.4min v=8 d=3 r=0 u=301
    [arts_question] 416/5241 (7.9%) rate=37.8/s eta=2.1min v=10 d=3 r=0 u=403
    [arts_question] 520/5241 (9.9%) rate=38.5/s eta=2.0min v=14 d=5 r=0 u=501
    [arts_question] 624/5241 (11.9%) rate=39.1/s eta=2.0min v=30 d=5 r=0 u=589
    [arts_question] 728/5241 (13.9%) rate=39.5/s eta=1.9min v=33 d=6 r=0 u=689
    [arts_question] 832/5241 (15.9%) rate=41.0/s eta=1.8min v=38 d=6 r=0 u=788
    [arts_question] 936/5241 (17.9%) rate=40.8/s eta=1.8min v=42 d=6 r=0 u=888
    [arts_question] 1040/5241 (19.8%) rate=41.1/s eta=1.7min v=45 d=7 r=0 u=988
    [arts_question] 1144/5241 (21.8%) rate=40.0/s eta=1.7min v=50 d=9 r=0 u=1085
    [arts_question] 1248/5241 (23.8%) rate=39.8/s eta=1.7min v=56 d=10 r=0 u=1182
    [arts_question] 1352/5241 (25.8%) rate=39.8/s eta=1.6min v=57 d=11 r=0 u=1284
    [arts_question] 1456/5241 (27.8%) rate=39.7/s eta=1.6min v=60 d=12 r=0 u=1384
    [arts_question] 1560/5241 (29.8%) rate=39.3/s eta=1.6min v=62 d=12 r=0 u=1486
    [arts_question] 1664/5241 (31.7%) rate=39.1/s eta=1.5min v=70 d=13 r=0 u=1581
    [arts_question] 1768/5241 (33.7%) rate=39.3/s eta=1.5min v=77 d=13 r=0 u=1678
    [arts_question] 1872/5241 (35.7%) rate=39.5/s eta=1.4min v=81 d=13 r=0 u=1778
    [arts_question] 1976/5241 (37.7%) rate=39.2/s eta=1.4min v=82 d=13 r=0 u=1881
    [arts_question] 2080/5241 (39.7%) rate=39.4/s eta=1.3min v=85 d=14 r=0 u=1981
    [arts_question] 2184/5241 (41.7%) rate=39.0/s eta=1.3min v=85 d=14 r=0 u=2085
    [arts_question] 2288/5241 (43.7%) rate=39.4/s eta=1.2min v=87 d=15 r=0 u=2186
    [arts_question] 2392/5241 (45.6%) rate=39.6/s eta=1.2min v=88 d=15 r=0 u=2289
    [arts_question] 2496/5241 (47.6%) rate=40.2/s eta=1.1min v=91 d=15 r=0 u=2390
    [arts_question] 2600/5241 (49.6%) rate=40.3/s eta=1.1min v=92 d=15 r=0 u=2493
    [arts_question] 2704/5241 (51.6%) rate=40.8/s eta=1.0min v=92 d=16 r=0 u=2596
    [arts_question] 2808/5241 (53.6%) rate=41.4/s eta=1.0min v=92 d=17 r=0 u=2699
    [arts_question] 2912/5241 (55.6%) rate=41.8/s eta=0.9min v=94 d=18 r=0 u=2800
    [arts_question] 3016/5241 (57.5%) rate=42.6/s eta=0.9min v=97 d=18 r=0 u=2901
    [arts_question] 3120/5241 (59.5%) rate=42.9/s eta=0.8min v=98 d=19 r=0 u=3003
    [arts_question] 3224/5241 (61.5%) rate=43.3/s eta=0.8min v=99 d=19 r=0 u=3106
    [arts_question] 3328/5241 (63.5%) rate=43.8/s eta=0.7min v=105 d=20 r=0 u=3203
    [arts_question] 3432/5241 (65.5%) rate=44.1/s eta=0.7min v=107 d=20 r=0 u=3305
    [arts_question] 3536/5241 (67.5%) rate=44.5/s eta=0.6min v=109 d=21 r=0 u=3406
    [arts_question] 3640/5241 (69.5%) rate=44.9/s eta=0.6min v=113 d=21 r=0 u=3506
    [arts_question] 3744/5241 (71.4%) rate=45.4/s eta=0.5min v=120 d=21 r=1 u=3602
    [arts_question] 3848/5241 (73.4%) rate=45.7/s eta=0.5min v=125 d=22 r=1 u=3700
    [arts_question] 3952/5241 (75.4%) rate=45.8/s eta=0.5min v=125 d=22 r=2 u=3803
    [arts_question] 4056/5241 (77.4%) rate=46.1/s eta=0.4min v=125 d=22 r=2 u=3907
    [arts_question] 4160/5241 (79.4%) rate=46.4/s eta=0.4min v=125 d=22 r=2 u=4011
    [arts_question] 4264/5241 (81.4%) rate=46.7/s eta=0.3min v=132 d=22 r=2 u=4108
    [arts_question] 4368/5241 (83.3%) rate=47.1/s eta=0.3min v=132 d=22 r=2 u=4212
    [arts_question] 4472/5241 (85.3%) rate=47.4/s eta=0.3min v=146 d=24 r=2 u=4300
    [arts_question] 4576/5241 (87.3%) rate=47.7/s eta=0.2min v=165 d=24 r=2 u=4385
    [arts_question] 4680/5241 (89.3%) rate=48.2/s eta=0.2min v=165 d=25 r=2 u=4488
    [arts_question] 4784/5241 (91.3%) rate=48.7/s eta=0.2min v=165 d=25 r=2 u=4592
    [arts_question] 4888/5241 (93.3%) rate=49.2/s eta=0.1min v=165 d=26 r=2 u=4695
    [arts_question] 4992/5241 (95.2%) rate=49.7/s eta=0.1min v=165 d=28 r=2 u=4797
    [arts_question] 5096/5241 (97.2%) rate=50.2/s eta=0.0min v=165 d=28 r=2 u=4901
    [arts_question] 5200/5241 (99.2%) rate=50.6/s eta=0.0min v=172 d=29 r=2 u=4997
  [arts_question] DONE: 5241/5241 in 1.7min (50.1/s) — v=178 d=29 r=2 u=5032

=== Final Report ===
Total elapsed: 1.7min
Report saved: /Users/nishimura+/projects/research/academic-knowledge-db/reports/dua_wave_a/qbeta_url_verification_20260523T024950Z.json
  arts_question             total=  5241 v=   178 d=    29 r=    2 u=  5032
