
=== innovation_theory ===
  [innovation_theory] 9670 concepts to verify
    [innovation_theory] 193/9670 (2.0%) rate=113.7/s eta=1.4min v=2 d=26 r=0 u=165
    [innovation_theory] 386/9670 (4.0%) rate=107.6/s eta=1.4min v=2 d=29 r=0 u=355
    [innovation_theory] 579/9670 (6.0%) rate=119.4/s eta=1.3min v=2 d=31 r=0 u=546
    [innovation_theory] 772/9670 (8.0%) rate=119.5/s eta=1.2min v=2 d=35 r=0 u=735
    [innovation_theory] 965/9670 (10.0%) rate=122.9/s eta=1.2min v=2 d=37 r=0 u=926
    [innovation_theory] 1158/9670 (12.0%) rate=124.6/s eta=1.1min v=2 d=40 r=0 u=1116
    [innovation_theory] 1351/9670 (14.0%) rate=124.0/s eta=1.1min v=2 d=42 r=0 u=1307
    [innovation_theory] 1544/9670 (16.0%) rate=126.7/s eta=1.1min v=2 d=45 r=0 u=1497
    [innovation_theory] 1737/9670 (18.0%) rate=124.7/s eta=1.1min v=2 d=49 r=0 u=1686
    [innovation_theory] 1930/9670 (20.0%) rate=123.0/s eta=1.0min v=3 d=56 r=0 u=1871
    [innovation_theory] 2123/9670 (22.0%) rate=125.1/s eta=1.0min v=6 d=65 r=0 u=2052
    [innovation_theory] 2316/9670 (24.0%) rate=117.7/s eta=1.0min v=7 d=72 r=0 u=2237
    [innovation_theory] 2509/9670 (25.9%) rate=119.3/s eta=1.0min v=7 d=78 r=0 u=2424
    [innovation_theory] 2702/9670 (27.9%) rate=120.0/s eta=1.0min v=10 d=81 r=0 u=2611
    [innovation_theory] 2895/9670 (29.9%) rate=120.2/s eta=0.9min v=10 d=84 r=0 u=2801
    [innovation_theory] 3088/9670 (31.9%) rate=121.0/s eta=0.9min v=10 d=86 r=0 u=2992
    [innovation_theory] 3281/9670 (33.9%) rate=120.1/s eta=0.9min v=11 d=90 r=0 u=3180
    [innovation_theory] 3474/9670 (35.9%) rate=120.1/s eta=0.9min v=14 d=92 r=0 u=3368
    [innovation_theory] 3667/9670 (37.9%) rate=120.0/s eta=0.8min v=15 d=94 r=0 u=3558
    [innovation_theory] 3860/9670 (39.9%) rate=118.5/s eta=0.8min v=15 d=98 r=0 u=3747
    [innovation_theory] 4053/9670 (41.9%) rate=118.2/s eta=0.8min v=15 d=100 r=0 u=3938
    [innovation_theory] 4246/9670 (43.9%) rate=119.2/s eta=0.8min v=15 d=103 r=0 u=4128
    [innovation_theory] 4439/9670 (45.9%) rate=118.7/s eta=0.7min v=15 d=106 r=0 u=4318
    [innovation_theory] 4632/9670 (47.9%) rate=119.8/s eta=0.7min v=15 d=108 r=0 u=4509
    [innovation_theory] 4825/9670 (49.9%) rate=117.8/s eta=0.7min v=15 d=112 r=0 u=4698
    [innovation_theory] 5018/9670 (51.9%) rate=117.5/s eta=0.7min v=15 d=116 r=0 u=4887
    [innovation_theory] 5211/9670 (53.9%) rate=117.0/s eta=0.6min v=15 d=119 r=0 u=5077
    [innovation_theory] 5404/9670 (55.9%) rate=117.2/s eta=0.6min v=15 d=122 r=0 u=5267
    [innovation_theory] 5597/9670 (57.9%) rate=117.6/s eta=0.6min v=15 d=125 r=0 u=5457
    [innovation_theory] 5790/9670 (59.9%) rate=118.4/s eta=0.5min v=15 d=127 r=0 u=5648
    [innovation_theory] 5983/9670 (61.9%) rate=118.4/s eta=0.5min v=15 d=130 r=0 u=5838
    [innovation_theory] 6176/9670 (63.9%) rate=119.1/s eta=0.5min v=15 d=132 r=0 u=6029
    [innovation_theory] 6369/9670 (65.9%) rate=118.9/s eta=0.5min v=15 d=136 r=0 u=6218
    [innovation_theory] 6562/9670 (67.9%) rate=119.1/s eta=0.4min v=15 d=138 r=0 u=6409
    [innovation_theory] 6755/9670 (69.9%) rate=120.1/s eta=0.4min v=15 d=141 r=0 u=6599
    [innovation_theory] 6948/9670 (71.9%) rate=120.4/s eta=0.4min v=15 d=143 r=0 u=6790
    [innovation_theory] 7141/9670 (73.8%) rate=120.9/s eta=0.3min v=15 d=145 r=0 u=6981
    [innovation_theory] 7334/9670 (75.8%) rate=121.3/s eta=0.3min v=15 d=149 r=0 u=7170
    [innovation_theory] 7527/9670 (77.8%) rate=121.5/s eta=0.3min v=15 d=151 r=0 u=7361
    [innovation_theory] 7720/9670 (79.8%) rate=121.8/s eta=0.3min v=15 d=154 r=0 u=7551
    [innovation_theory] 7913/9670 (81.8%) rate=122.6/s eta=0.2min v=15 d=156 r=0 u=7742
    [innovation_theory] 8106/9670 (83.8%) rate=123.3/s eta=0.2min v=16 d=157 r=0 u=7933
    [innovation_theory] 8299/9670 (85.8%) rate=123.5/s eta=0.2min v=16 d=160 r=0 u=8123
    [innovation_theory] 8492/9670 (87.8%) rate=123.5/s eta=0.2min v=16 d=163 r=0 u=8313
    [innovation_theory] 8685/9670 (89.8%) rate=124.2/s eta=0.1min v=16 d=165 r=0 u=8504
    [innovation_theory] 8878/9670 (91.8%) rate=125.0/s eta=0.1min v=16 d=216 r=0 u=8646
    [innovation_theory] 9071/9670 (93.8%) rate=127.0/s eta=0.1min v=16 d=373 r=0 u=8682
    [innovation_theory] 9264/9670 (95.8%) rate=129.1/s eta=0.1min v=17 d=513 r=0 u=8734
    [innovation_theory] 9457/9670 (97.8%) rate=129.9/s eta=0.0min v=17 d=590 r=0 u=8850
    [innovation_theory] 9650/9670 (99.8%) rate=125.4/s eta=0.0min v=17 d=597 r=0 u=9036
  [innovation_theory] DONE: 9670/9670 in 1.3min (121.1/s) — v=17 d=599 r=0 u=9054

=== Final Report ===
Total elapsed: 1.3min
Report saved: /Users/nishimura+/projects/research/academic-knowledge-db/reports/dua_wave_a/qbeta_url_verification_20260523T024450Z.json
  innovation_theory         total=  9670 v=    17 d=   599 r=    0 u=  9054
