
=== innovation_theory ===
  [innovation_theory] 9054 url_present concepts to verify (workers=15, batch=1000)
    [innovation_theory] 500/9054 (5.5%) rate=34.9/s eta=4.1min v=2 d=60 r=0 u=438
    [innovation_theory] 1000/9054 (11.0%) rate=38.3/s eta=3.5min v=2 d=80 r=0 u=918
    [innovation_theory] 1500/9054 (16.6%) rate=38.7/s eta=3.3min v=2 d=102 r=0 u=1396
    [innovation_theory] 2000/9054 (22.1%) rate=38.3/s eta=3.1min v=4 d=125 r=0 u=1871
    [innovation_theory] 2500/9054 (27.6%) rate=37.1/s eta=2.9min v=5 d=150 r=0 u=2345
    [innovation_theory] 3000/9054 (33.1%) rate=37.5/s eta=2.7min v=5 d=174 r=0 u=2821
    [innovation_theory] 3500/9054 (38.7%) rate=38.3/s eta=2.4min v=5 d=195 r=0 u=3300
    [innovation_theory] 4000/9054 (44.2%) rate=39.0/s eta=2.2min v=6 d=213 r=0 u=3781
    [innovation_theory] 4500/9054 (49.7%) rate=38.6/s eta=2.0min v=6 d=237 r=0 u=4257
    [innovation_theory] 5000/9054 (55.2%) rate=38.5/s eta=1.8min v=6 d=259 r=0 u=4735
    [innovation_theory] 5500/9054 (60.7%) rate=38.9/s eta=1.5min v=6 d=272 r=0 u=5222
    [innovation_theory] 6000/9054 (66.3%) rate=39.3/s eta=1.3min v=6 d=284 r=0 u=5710
    [innovation_theory] 6500/9054 (71.8%) rate=39.5/s eta=1.1min v=6 d=299 r=0 u=6195
    [innovation_theory] 7000/9054 (77.3%) rate=39.1/s eta=0.9min v=6 d=303 r=0 u=6691
    [innovation_theory] 7500/9054 (82.8%) rate=38.6/s eta=0.7min v=7 d=312 r=0 u=7181
    [innovation_theory] 8000/9054 (88.4%) rate=38.2/s eta=0.5min v=8 d=317 r=0 u=7675
    [innovation_theory] 8500/9054 (93.9%) rate=37.6/s eta=0.2min v=8 d=328 r=0 u=8164
    [innovation_theory] 9000/9054 (99.4%) rate=37.2/s eta=0.0min v=8 d=335 r=0 u=8657
  [innovation_theory] DONE: 9054/9054 in 4.1min (37.0/s) — v=8 d=337 r=0 u=8709

=== Final Report ===
Total elapsed: 4.1min
Report saved: /Users/nishimura+/projects/research/academic-knowledge-db/reports/dua_wave_a/qbeta_url_verification_v2_20260523T041401Z.json
  innovation_theory         total=  9054 v=     8 d=   337 r=    0 u=  8709
